module S1 :
  sig
    type nonrec t = t list[@@deriving irmin]
    val t : t Irmin.Type.t
    type nonrec t_alias = t_alias list[@@deriving irmin]
    val t_alias_t : t_alias Irmin.Type.t
  end =
  struct
    type nonrec t = t list[@@deriving irmin]
    let t = let open Irmin.Type in list t
    type nonrec t_alias = t_alias list[@@deriving irmin]
    let t_alias_t = let open Irmin.Type in list t_alias_t
  end 
module S2 :
  sig
    type nonrec t = t list[@@deriving irmin { name = "t_witness" }]
    val t_witness : t Irmin.Type.t
    type nonrec t_alias = t_alias list[@@deriving
                                        irmin { name = "t_witness" }]
    val t_witness : t_alias Irmin.Type.t
  end =
  struct
    type nonrec t = t list[@@deriving irmin { name = "t_witness" }]
    let t_witness = let open Irmin.Type in list t
    type nonrec t_alias = t_alias list[@@deriving
                                        irmin { name = "t_witness" }]
    let t_witness = let open Irmin.Type in list t_alias_t
  end 
