File "unsupported_type_package.ml", line 2, characters 0-38:
Error: ppx_irmin: package type (module S) encountered. Package types are not Irmin-serialisable.
