[1mFile "unsupported_type_variable.ml", line 1, characters 0-43[0m:
1 | type 'typvar t = 'typvar [@@deriving irmin]
    [1;31m^^^^^^^^^^^^^^^^^^^^^^^^^^^^^^^^^^^^^^^^^^^[0m
[1;31mError[0m: ppx_irmin: uninstantiated type variable 'typvar found. Irmin types must be grounded.
