[1mFile "unsupported_type_poly.ml", line 1, characters 0-42[0m:
1 | type t = { v : 'a. 'a } [@@deriving irmin]
    [1;31m^^^^^^^^^^^^^^^^^^^^^^^^^^^^^^^^^^^^^^^^^^[0m
[1;31mError[0m: ppx_irmin: universally-quantified type 'a . 'a encountered. Irmin types must be grounded.
